d:\el\windows\apps\tree control\tree control\tree control\x64\debug\vc145.pdb
d:\el\windows\apps\tree control\tree control\tree control\x64\debug\vc145.idb
d:\el\windows\apps\tree control\tree control\tree control\x64\debug\main.obj
d:\el\windows\apps\tree control\tree control\tree control\x64\debug\tree control.res
d:\el\windows\apps\tree control\tree control\x64\debug\tree control.pdb
d:\el\windows\apps\tree control\tree control\tree control\x64\debug\tree control.tlog\cl.command.1.tlog
d:\el\windows\apps\tree control\tree control\tree control\x64\debug\tree control.tlog\cl.read.1.tlog
d:\el\windows\apps\tree control\tree control\tree control\x64\debug\tree control.tlog\cl.write.1.tlog
d:\el\windows\apps\tree control\tree control\tree control\x64\debug\tree control.tlog\link-cvtres.read.1.tlog
d:\el\windows\apps\tree control\tree control\tree control\x64\debug\tree control.tlog\link-cvtres.write.1.tlog
d:\el\windows\apps\tree control\tree control\tree control\x64\debug\tree control.tlog\link-mt.read.1.tlog
d:\el\windows\apps\tree control\tree control\tree control\x64\debug\tree control.tlog\link-mt.write.1.tlog
d:\el\windows\apps\tree control\tree control\tree control\x64\debug\tree control.tlog\link-rc.read.1.tlog
d:\el\windows\apps\tree control\tree control\tree control\x64\debug\tree control.tlog\link-rc.write.1.tlog
d:\el\windows\apps\tree control\tree control\tree control\x64\debug\tree control.tlog\link.command.1.tlog
d:\el\windows\apps\tree control\tree control\tree control\x64\debug\tree control.tlog\link.read.1.tlog
d:\el\windows\apps\tree control\tree control\tree control\x64\debug\tree control.tlog\link.read.2.tlog
d:\el\windows\apps\tree control\tree control\tree control\x64\debug\tree control.tlog\link.write.1.tlog
d:\el\windows\apps\tree control\tree control\tree control\x64\debug\tree control.tlog\rc.command.1.tlog
d:\el\windows\apps\tree control\tree control\tree control\x64\debug\tree control.tlog\rc.read.1.tlog
d:\el\windows\apps\tree control\tree control\tree control\x64\debug\tree control.tlog\rc.write.1.tlog
